Trace identity mode=fast-checkpoint project=245503fe053d55703833165fa3dc834872da68e7 pcjs=c7f21b4fa2bdedac3d5c73094a6402fdc8b24c70 budget=160000000 floppy=fadeb3a27c6a0e1cf582dde0b9aecb7e5d30678f2f967f2f4562f167cc0cb1d5
Fast checkpoint reached after 29092939 instructions at f000:dca7 target=f000:dca7
Full debug replay completed 5000 instructions from f000:dca7; deterministic=true
  f000:c24a ad
  f000:c24b c3
  f000:dcaa fb
  f000:dcab 90
  f000:dcac 74
  f000:dca6 fa
  f000:dca7 e8
  f000:c242 8b
  f000:c246 3b
  f000:c24a ad
  f000:c24b c3
  f000:dcaa fb
  f000:dcab 90
  f000:dcac 74
  f000:dca6 fa
  f000:dca7 e8
  f000:c242 8b
  f000:c246 3b
  f000:c24a ad
  f000:c24b c3
  f000:dcaa fb
  f000:dcab 90
  f000:dcac 74
  f000:dca6 fa
  f000:dca7 e8
  f000:c242 8b
  f000:c246 3b
  f000:c24a ad
  f000:c24b c3
  f000:dcaa fb
  f000:dcab 90
  f000:dcac 74
  f000:dca6 fa
  f000:dca7 e8
  f000:c242 8b
  f000:c246 3b
  f000:c24a ad
  f000:c24b c3
  f000:dcaa fb
  f000:dcab 90
  f000:dcac 74
  f000:dca6 fa
  f000:dca7 e8
  f000:c242 8b
  f000:c246 3b
  f000:c24a ad
  f000:c24b c3
  f000:dcaa fb
  f000:dcab 90
  f000:dcac 74
  f000:dca6 fa
  f000:dca7 e8
  f000:c242 8b
  f000:c246 3b
  f000:c24a ad
  f000:c24b c3
  f000:dcaa fb
  f000:dcab 90
  f000:dcac 74
  f000:dca6 fa
  f000:dca7 e8
  f000:c242 8b
  f000:c246 3b
  f000:c24a ad
  f000:c24b c3
  f000:dcaa fb
  f000:dcab 90
  f000:dcac 74
  f000:dca6 fa
  f000:dca7 e8
  f000:c242 8b
  f000:c246 3b
  f000:c24a ad
  f000:c24b c3
  f000:dcaa fb
  f000:dcab 90
  f000:dcac 74
  f000:dca6 fa
  f000:dca7 e8
  f000:c242 8b
  f000:c246 3b
  f000:c24a ad
  f000:c24b c3
  f000:dcaa fb
  f000:dcab 90
  f000:dcac 74
  f000:dca6 fa
  f000:dca7 e8
  f000:c242 8b
  f000:c246 3b
  f000:c24a ad
  f000:c24b c3
  f000:dcaa fb
  f000:dcab 90
  f000:dcac 74
  f000:dca6 fa
  f000:dca7 e8
  f000:c242 8b
  f000:c246 3b
  f000:c24a ad
  f000:c24b c3
  f000:dcaa fb
  f000:dcab 90
  f000:dcac 74
  f000:dca6 fa
  f000:dca7 e8
  f000:c242 8b
  f000:c246 3b
  f000:c24a ad
  f000:c24b c3
  f000:dcaa fb
  f000:dcab 90
  f000:dcac 74
  f000:dca6 fa
  f000:dca7 e8
  f000:c242 8b
  f000:c246 3b
  f000:c24a ad
  f000:c24b c3
  f000:dcaa fb
  f000:dcab 90
  f000:dcac 74
  f000:dca6 fa
  f000:dca7 e8
  f000:c242 8b
  f000:c246 3b
  f000:c24a ad
  f000:c24b c3
